// Jest Snapshot v1, https://goo.gl/fbAQLP

exports[`Context renders without crashing. 1`] = `null`;
