// Jest Snapshot v1, https://goo.gl/fbAQLP

exports[`Row renders without crashing. 1`] = `
<div
  className="sc-bdVaJa ewlvnh"
>
  Row Content
</div>
`;

exports[`Row with context renders without crashing. 1`] = `
<div
  className="sc-bdVaJa ewlvnh"
>
  Row Content
</div>
`;
